[LOG] system_create                            : Header version = 2.03.07. Current version = 2.03.07.
[LOG] Manager::init                            : maxchannels = 256 studioflags = 00000006 flags 00000000 extradriverdata 0000000000000000.
[LOG] SystemI::init                            : Initialize version=20307 (150747), maxchannels=256, flags=0x00020000
[LOG] SystemI::setOutputInternal               : Setting output to 'FMOD WASAPI Output'
[LOG] OutputWASAPI::init                       : Mix Format (WAVEFORMATEX): wFormatTag=0xFFFE, nChannels=2, nSamplesPerSec=48000, nAvgBytesPerSec=384000, nBlockAlign=8, wBitsPerSample=32, cbSize=22.
[LOG] OutputWASAPI::init                       : Mix Format (WAVEFORMATEXTENSIBLE): wValidBitsPerSample=32, dwChannelMask=0x00000003, SubFormat=00000003-0000-0010-8000-00AA00389B71.
[LOG] OutputWASAPI::init                       : Output buffer size: 2048 samples, latency: 0.00ms, period: 10.00ms, DSP buffer: 512 * 4
[LOG] Thread::initThread                       : Init FMOD stream thread. Affinity: 0x4000000000000003, Priority: 0xFFFF7FFB, Stack Size: 98304, Semaphore: No, Sleep Time: 10, Looping: Yes.
[LOG] SystemI::DSPCodecPoolRegister            : register codec pool for pool type 0
[LOG] Thread::initThread                       : Init FMOD mixer thread. Affinity: 0x4000000000000001, Priority: 0xFFFF7FFA, Stack Size: 81920, Semaphore: No, Sleep Time: 0, Looping: Yes.
[LOG] AsyncManager::init                       : manager 000001FF4F466C58 isAsync 0 updatePeriod 0.02
[LOG] AsyncManager::init                       : done
[LOG] PlaybackSystem::init                     : 
[LOG] Thread::initThread                       : Init FMOD Studio sample load thread. Affinity: 0x4000000000000003, Priority: 0xFFFF7FFD, Stack Size: 98304, Semaphore: No, Sleep Time: 1, Looping: No.
[LOG] PlaybackSystem::init                     : done
[LOG] Thread::initThread                       : Init FMOD Studio bank load thread. Affinity: 0x4000000000000003, Priority: 0xFFFF7FFD, Stack Size: 98304, Semaphore: No, Sleep Time: 1, Looping: No.
[LOG] Manager::init                            : done.
[LOG] BankLoader::serializeBank                : fileversion = 146, compatVersion = 146 (oldest = 44, newest = 146)
[LOG] BankLoader::serializeBank                : fileversion = 146, compatVersion = 146 (oldest = 44, newest = 146)
[LOG] BankLoader::serializeBank                : fileversion = 146, compatVersion = 146 (oldest = 44, newest = 146)
[LOG] PlaybackSystem::acquireMasterBus         : Setting master channel group format to 6
[LOG] SystemI::createSoundInternal             : Create name='', mode=0x02000202
[LOG] SystemI::createSoundInternal             : exinfo->cbsize             = 224
[LOG] SystemI::createSoundInternal             : exinfo->length             = 17993312
[LOG] SystemI::createSoundInternal             : exinfo->fileoffset         = 538880
[LOG] SystemI::createSoundInternal             : exinfo->numsubsounds       = 1
[LOG] SystemI::createSoundInternal             : exinfo->inclusionlist      = 00000088AAE9EED8
[LOG] SystemI::createSoundInternal             : exinfo->inclusionlistnum   = 1
[LOG] SystemI::createSoundInternal             : exinfo->suggestedsoundtype = 5
[LOG] SystemI::createSoundInternal             : exinfo->useropen           = 00007FFAB4E9D3E0
[LOG] SystemI::createSoundInternal             : exinfo->userclose          = 00007FFAB4E9D3A0
[LOG] SystemI::createSoundInternal             : exinfo->userread           = 00007FFAB4E9D4C0
[LOG] SystemI::createSoundInternal             : exinfo->userseek           = 00007FFAB4E9D580
[LOG] SystemI::createSoundInternal             : exinfo->fileuserdata       = 000001FF50870498
[LOG] SystemI::createSoundInternal             : exinfo->initialseekpostype = 1
[LOG] SystemI::DSPCodecPoolRegister            : register codec pool for pool type 4
[LOG] SystemI::createSoundInternal             : Sample 0/1: name='Printpic_05', format=5, channels=1, frequency=48000, lengthbytes=6912, lengthpcm=40719, pcmblocksize=0, loopstart=0, loopend=0, mode=0x00000000, channelmask=0x00000000, channelorder=0, peakvolume=0.468387.
[LOG] SystemI::createSoundInternal             : Create name='', mode=0x02000202
[LOG] SystemI::createSoundInternal             : exinfo->cbsize             = 224
[LOG] SystemI::createSoundInternal             : exinfo->length             = 17993312
[LOG] SystemI::createSoundInternal             : exinfo->fileoffset         = 538880
[LOG] SystemI::createSoundInternal             : exinfo->numsubsounds       = 1
[LOG] SystemI::createSoundInternal             : exinfo->inclusionlist      = 00000088AAE9EED8
[LOG] SystemI::createSoundInternal             : exinfo->inclusionlistnum   = 1
[LOG] SystemI::createSoundInternal             : exinfo->suggestedsoundtype = 5
[LOG] SystemI::createSoundInternal             : exinfo->useropen           = 00007FFAB4E9D3E0
[LOG] SystemI::createSoundInternal             : exinfo->userclose          = 00007FFAB4E9D3A0
[LOG] SystemI::createSoundInternal             : exinfo->userread           = 00007FFAB4E9D4C0
[LOG] SystemI::createSoundInternal             : exinfo->userseek           = 00007FFAB4E9D580
[LOG] SystemI::createSoundInternal             : exinfo->fileuserdata       = 000001FF50870498
[LOG] SystemI::createSoundInternal             : exinfo->initialseekpostype = 1
[LOG] SystemI::DSPCodecPoolRegister            : register codec pool for pool type 4
[LOG] SystemI::createSoundInternal             : Sample 0/1: name='Printpic_06', format=5, channels=1, frequency=48000, lengthbytes=6144, lengthpcm=35985, pcmblocksize=0, loopstart=0, loopend=0, mode=0x00000000, channelmask=0x00000000, channelorder=0, peakvolume=0.346239.
[LOG] SystemI::createSoundInternal             : Create name='', mode=0x02000202
[LOG] SystemI::createSoundInternal             : exinfo->cbsize             = 224
[LOG] SystemI::createSoundInternal             : exinfo->length             = 17993312
[LOG] SystemI::createSoundInternal             : exinfo->fileoffset         = 538880
[LOG] SystemI::createSoundInternal             : exinfo->numsubsounds       = 1
[LOG] SystemI::createSoundInternal             : exinfo->inclusionlist      = 00000088AAE9EED8
[LOG] SystemI::createSoundInternal             : exinfo->inclusionlistnum   = 1
[LOG] SystemI::createSoundInternal             : exinfo->suggestedsoundtype = 5
[LOG] SystemI::createSoundInternal             : exinfo->useropen           = 00007FFAB4E9D3E0
[LOG] SystemI::createSoundInternal             : exinfo->userclose          = 00007FFAB4E9D3A0
[LOG] SystemI::createSoundInternal             : exinfo->userread           = 00007FFAB4E9D4C0
[LOG] SystemI::createSoundInternal             : exinfo->userseek           = 00007FFAB4E9D580
[LOG] SystemI::createSoundInternal             : exinfo->fileuserdata       = 000001FF50870498
[LOG] SystemI::createSoundInternal             : exinfo->initialseekpostype = 1
[LOG] SystemI::DSPCodecPoolRegister            : register codec pool for pool type 4
[LOG] SystemI::createSoundInternal             : Sample 0/1: name='Takepic_06', format=5, channels=1, frequency=48000, lengthbytes=672, lengthpcm=2805, pcmblocksize=0, loopstart=0, loopend=0, mode=0x00000000, channelmask=0x00000000, channelorder=0, peakvolume=0.290565.
[LOG] SystemI::createSoundInternal             : Create name='', mode=0x02000202
[LOG] SystemI::createSoundInternal             : exinfo->cbsize             = 224
[LOG] SystemI::createSoundInternal             : exinfo->length             = 17993312
[LOG] SystemI::createSoundInternal             : exinfo->fileoffset         = 538880
[LOG] SystemI::createSoundInternal             : exinfo->numsubsounds       = 1
[LOG] SystemI::createSoundInternal             : exinfo->inclusionlist      = 00000088AAE9EED8
[LOG] SystemI::createSoundInternal             : exinfo->inclusionlistnum   = 1
[LOG] SystemI::createSoundInternal             : exinfo->suggestedsoundtype = 5
[LOG] SystemI::createSoundInternal             : exinfo->useropen           = 00007FFAB4E9D3E0
[LOG] SystemI::createSoundInternal             : exinfo->userclose          = 00007FFAB4E9D3A0
[LOG] SystemI::createSoundInternal             : exinfo->userread           = 00007FFAB4E9D4C0
[LOG] SystemI::createSoundInternal             : exinfo->userseek           = 00007FFAB4E9D580
[LOG] SystemI::createSoundInternal             : exinfo->fileuserdata       = 000001FF50870498
[LOG] SystemI::createSoundInternal             : exinfo->initialseekpostype = 1
[LOG] SystemI::DSPCodecPoolRegister            : register codec pool for pool type 4
[LOG] SystemI::createSoundInternal             : Sample 0/1: name='Takepic_04', format=5, channels=1, frequency=48000, lengthbytes=1376, lengthpcm=6509, pcmblocksize=0, loopstart=0, loopend=0, mode=0x00000000, channelmask=0x00000000, channelorder=0, peakvolume=0.318205.
[LOG] SystemI::createSoundInternal             : Create name='', mode=0x02000202
[LOG] SystemI::createSoundInternal             : exinfo->cbsize             = 224
[LOG] SystemI::createSoundInternal             : exinfo->length             = 17993312
[LOG] SystemI::createSoundInternal             : exinfo->fileoffset         = 538880
[LOG] SystemI::createSoundInternal             : exinfo->numsubsounds       = 1
[LOG] SystemI::createSoundInternal             : exinfo->inclusionlist      = 00000088AAE9EED8
[LOG] SystemI::createSoundInternal             : exinfo->inclusionlistnum   = 1
[LOG] SystemI::createSoundInternal             : exinfo->suggestedsoundtype = 5
[LOG] SystemI::createSoundInternal             : exinfo->useropen           = 00007FFAB4E9D3E0
[LOG] SystemI::createSoundInternal             : exinfo->userclose          = 00007FFAB4E9D3A0
[LOG] SystemI::createSoundInternal             : exinfo->userread           = 00007FFAB4E9D4C0
[LOG] SystemI::createSoundInternal             : exinfo->userseek           = 00007FFAB4E9D580
[LOG] SystemI::createSoundInternal             : exinfo->fileuserdata       = 000001FF50870498
[LOG] SystemI::createSoundInternal             : exinfo->initialseekpostype = 1
[LOG] SystemI::DSPCodecPoolRegister            : register codec pool for pool type 4
[LOG] SystemI::createSoundInternal             : Sample 0/1: name='Printpic_04', format=5, channels=1, frequency=48000, lengthbytes=6496, lengthpcm=39453, pcmblocksize=0, loopstart=0, loopend=0, mode=0x00000000, channelmask=0x00000000, channelorder=0, peakvolume=0.440833.
[LOG] SystemI::createSoundInternal             : Create name='', mode=0x02000202
[LOG] SystemI::createSoundInternal             : exinfo->cbsize             = 224
[LOG] SystemI::createSoundInternal             : exinfo->length             = 17993312
[LOG] SystemI::createSoundInternal             : exinfo->fileoffset         = 538880
[LOG] SystemI::createSoundInternal             : exinfo->numsubsounds       = 1
[LOG] SystemI::createSoundInternal             : exinfo->inclusionlist      = 00000088AAE9EED8
[LOG] SystemI::createSoundInternal             : exinfo->inclusionlistnum   = 1
[LOG] SystemI::createSoundInternal             : exinfo->suggestedsoundtype = 5
[LOG] SystemI::createSoundInternal             : exinfo->useropen           = 00007FFAB4E9D3E0
[LOG] SystemI::createSoundInternal             : exinfo->userclose          = 00007FFAB4E9D3A0
[LOG] SystemI::createSoundInternal             : exinfo->userread           = 00007FFAB4E9D4C0
[LOG] SystemI::createSoundInternal             : exinfo->userseek           = 00007FFAB4E9D580
[LOG] SystemI::createSoundInternal             : exinfo->fileuserdata       = 000001FF50870498
[LOG] SystemI::createSoundInternal             : exinfo->initialseekpostype = 1
[LOG] SystemI::DSPCodecPoolRegister            : register codec pool for pool type 4
[LOG] SystemI::createSoundInternal             : Sample 0/1: name='Takepic_03', format=5, channels=1, frequency=48000, lengthbytes=1184, lengthpcm=5378, pcmblocksize=0, loopstart=0, loopend=0, mode=0x00000000, channelmask=0x00000000, channelorder=0, peakvolume=0.229209.
[LOG] SystemI::createSoundInternal             : Create name='', mode=0x02000202
[LOG] SystemI::createSoundInternal             : exinfo->cbsize             = 224
[LOG] SystemI::createSoundInternal             : exinfo->length             = 17993312
[LOG] SystemI::createSoundInternal             : exinfo->fileoffset         = 538880
[LOG] SystemI::createSoundInternal             : exinfo->numsubsounds       = 1
[LOG] SystemI::createSoundInternal             : exinfo->inclusionlist      = 00000088AAE9EED8
[LOG] SystemI::createSoundInternal             : exinfo->inclusionlistnum   = 1
[LOG] SystemI::createSoundInternal             : exinfo->suggestedsoundtype = 5
[LOG] SystemI::createSoundInternal             : exinfo->useropen           = 00007FFAB4E9D3E0
[LOG] SystemI::createSoundInternal             : exinfo->userclose          = 00007FFAB4E9D3A0
[LOG] SystemI::createSoundInternal             : exinfo->userread           = 00007FFAB4E9D4C0
[LOG] SystemI::createSoundInternal             : exinfo->userseek           = 00007FFAB4E9D580
[LOG] SystemI::createSoundInternal             : exinfo->fileuserdata       = 000001FF50870498
[LOG] SystemI::createSoundInternal             : exinfo->initialseekpostype = 1
[LOG] SystemI::DSPCodecPoolRegister            : register codec pool for pool type 4
[LOG] SystemI::createSoundInternal             : Sample 0/1: name='Printpic_03', format=5, channels=1, frequency=48000, lengthbytes=6560, lengthpcm=39406, pcmblocksize=0, loopstart=0, loopend=0, mode=0x00000000, channelmask=0x00000000, channelorder=0, peakvolume=0.414514.
[LOG] SystemI::createSoundInternal             : Create name='', mode=0x02000202
[LOG] SystemI::createSoundInternal             : exinfo->cbsize             = 224
[LOG] SystemI::createSoundInternal             : exinfo->length             = 17993312
[LOG] SystemI::createSoundInternal             : exinfo->fileoffset         = 538880
[LOG] SystemI::createSoundInternal             : exinfo->numsubsounds       = 1
[LOG] SystemI::createSoundInternal             : exinfo->inclusionlist      = 00000088AAE9EED8
[LOG] SystemI::createSoundInternal             : exinfo->inclusionlistnum   = 1
[LOG] SystemI::createSoundInternal             : exinfo->suggestedsoundtype = 5
[LOG] SystemI::createSoundInternal             : exinfo->useropen           = 00007FFAB4E9D3E0
[LOG] SystemI::createSoundInternal             : exinfo->userclose          = 00007FFAB4E9D3A0
[LOG] SystemI::createSoundInternal             : exinfo->userread           = 00007FFAB4E9D4C0
[LOG] SystemI::createSoundInternal             : exinfo->userseek           = 00007FFAB4E9D580
[LOG] SystemI::createSoundInternal             : exinfo->fileuserdata       = 000001FF50870498
[LOG] SystemI::createSoundInternal             : exinfo->initialseekpostype = 1
[LOG] SystemI::DSPCodecPoolRegister            : register codec pool for pool type 4
[LOG] SystemI::createSoundInternal             : Sample 0/1: name='Printpic_02', format=5, channels=1, frequency=48000, lengthbytes=8064, lengthpcm=48189, pcmblocksize=0, loopstart=0, loopend=0, mode=0x00000000, channelmask=0x00000000, channelorder=0, peakvolume=0.465847.
[LOG] SystemI::createSoundInternal             : Create name='', mode=0x02000202
[LOG] SystemI::createSoundInternal             : exinfo->cbsize             = 224
[LOG] SystemI::createSoundInternal             : exinfo->length             = 17993312
[LOG] SystemI::createSoundInternal             : exinfo->fileoffset         = 538880
[LOG] SystemI::createSoundInternal             : exinfo->numsubsounds       = 1
[LOG] SystemI::createSoundInternal             : exinfo->inclusionlist      = 00000088AAE9EED8
[LOG] SystemI::createSoundInternal             : exinfo->inclusionlistnum   = 1
[LOG] SystemI::createSoundInternal             : exinfo->suggestedsoundtype = 5
[LOG] SystemI::createSoundInternal             : exinfo->useropen           = 00007FFAB4E9D3E0
[LOG] SystemI::createSoundInternal             : exinfo->userclose          = 00007FFAB4E9D3A0
[LOG] SystemI::createSoundInternal             : exinfo->userread           = 00007FFAB4E9D4C0
[LOG] SystemI::createSoundInternal             : exinfo->userseek           = 00007FFAB4E9D580
[LOG] SystemI::createSoundInternal             : exinfo->fileuserdata       = 000001FF50870498
[LOG] SystemI::createSoundInternal             : exinfo->initialseekpostype = 1
[LOG] SystemI::DSPCodecPoolRegister            : register codec pool for pool type 4
[LOG] SystemI::createSoundInternal             : Sample 0/1: name='Takepic_01', format=5, channels=1, frequency=48000, lengthbytes=2208, lengthpcm=11207, pcmblocksize=0, loopstart=0, loopend=0, mode=0x00000000, channelmask=0x00000000, channelorder=0, peakvolume=0.225222.
[LOG] SystemI::createSoundInternal             : Create name='', mode=0x02000202
[LOG] SystemI::createSoundInternal             : exinfo->cbsize             = 224
[LOG] SystemI::createSoundInternal             : exinfo->length             = 17993312
[LOG] SystemI::createSoundInternal             : exinfo->fileoffset         = 538880
[LOG] SystemI::createSoundInternal             : exinfo->numsubsounds       = 1
[LOG] SystemI::createSoundInternal             : exinfo->inclusionlist      = 00000088AAE9EED8
[LOG] SystemI::createSoundInternal             : exinfo->inclusionlistnum   = 1
[LOG] SystemI::createSoundInternal             : exinfo->suggestedsoundtype = 5
[LOG] SystemI::createSoundInternal             : exinfo->useropen           = 00007FFAB4E9D3E0
[LOG] SystemI::createSoundInternal             : exinfo->userclose          = 00007FFAB4E9D3A0
[LOG] SystemI::createSoundInternal             : exinfo->userread           = 00007FFAB4E9D4C0
[LOG] SystemI::createSoundInternal             : exinfo->userseek           = 00007FFAB4E9D580
[LOG] SystemI::createSoundInternal             : exinfo->fileuserdata       = 000001FF50870498
[LOG] SystemI::createSoundInternal             : exinfo->initialseekpostype = 1
[LOG] SystemI::DSPCodecPoolRegister            : register codec pool for pool type 4
[LOG] SystemI::createSoundInternal             : Sample 0/1: name='Takepic_05', format=5, channels=1, frequency=48000, lengthbytes=1280, lengthpcm=6170, pcmblocksize=0, loopstart=0, loopend=0, mode=0x00000000, channelmask=0x00000000, channelorder=0, peakvolume=0.211935.
[LOG] SystemI::createSoundInternal             : Create name='', mode=0x02000202
[LOG] SystemI::createSoundInternal             : exinfo->cbsize             = 224
[LOG] SystemI::createSoundInternal             : exinfo->length             = 17993312
[LOG] SystemI::createSoundInternal             : exinfo->fileoffset         = 538880
[LOG] SystemI::createSoundInternal             : exinfo->numsubsounds       = 1
[LOG] SystemI::createSoundInternal             : exinfo->inclusionlist      = 00000088AAE9EED8
[LOG] SystemI::createSoundInternal             : exinfo->inclusionlistnum   = 1
[LOG] SystemI::createSoundInternal             : exinfo->suggestedsoundtype = 5
[LOG] SystemI::createSoundInternal             : exinfo->useropen           = 00007FFAB4E9D3E0
[LOG] SystemI::createSoundInternal             : exinfo->userclose          = 00007FFAB4E9D3A0
[LOG] SystemI::createSoundInternal             : exinfo->userread           = 00007FFAB4E9D4C0
[LOG] SystemI::createSoundInternal             : exinfo->userseek           = 00007FFAB4E9D580
[LOG] SystemI::createSoundInternal             : exinfo->fileuserdata       = 000001FF50870498
[LOG] SystemI::createSoundInternal             : exinfo->initialseekpostype = 1
[LOG] SystemI::DSPCodecPoolRegister            : register codec pool for pool type 4
[LOG] SystemI::createSoundInternal             : Sample 0/1: name='Printpic_01', format=5, channels=1, frequency=48000, lengthbytes=8416, lengthpcm=51255, pcmblocksize=0, loopstart=0, loopend=0, mode=0x00000000, channelmask=0x00000000, channelorder=0, peakvolume=0.492302.
[LOG] SystemI::createSoundInternal             : Create name='', mode=0x02000202
[LOG] SystemI::createSoundInternal             : exinfo->cbsize             = 224
[LOG] SystemI::createSoundInternal             : exinfo->length             = 17993312
[LOG] SystemI::createSoundInternal             : exinfo->fileoffset         = 538880
[LOG] SystemI::createSoundInternal             : exinfo->numsubsounds       = 1
[LOG] SystemI::createSoundInternal             : exinfo->inclusionlist      = 00000088AAE9EED8
[LOG] SystemI::createSoundInternal             : exinfo->inclusionlistnum   = 1
[LOG] SystemI::createSoundInternal             : exinfo->suggestedsoundtype = 5
[LOG] SystemI::createSoundInternal             : exinfo->useropen           = 00007FFAB4E9D3E0
[LOG] SystemI::createSoundInternal             : exinfo->userclose          = 00007FFAB4E9D3A0
[LOG] SystemI::createSoundInternal             : exinfo->userread           = 00007FFAB4E9D4C0
[LOG] SystemI::createSoundInternal             : exinfo->userseek           = 00007FFAB4E9D580
[LOG] SystemI::createSoundInternal             : exinfo->fileuserdata       = 000001FF50870498
[LOG] SystemI::createSoundInternal             : exinfo->initialseekpostype = 1
[LOG] SystemI::DSPCodecPoolRegister            : register codec pool for pool type 4
[LOG] SystemI::createSoundInternal             : Sample 0/1: name='Takepic_02', format=5, channels=1, frequency=48000, lengthbytes=1696, lengthpcm=7202, pcmblocksize=0, loopstart=0, loopend=0, mode=0x00000000, channelmask=0x00000000, channelorder=0, peakvolume=0.213399.
[LOG] SystemI::createSound                     : filename = FMODAssets/Desktop/Master.bank : mode 02010082
[LOG] SystemI::createSound                     : FMOD_NONBLOCKING specified.  Putting into queue to be opened asynchronously!
[LOG] Thread::initThread                       : Init FMOD nonblocking thread (0). Affinity: 0x4000000000000003, Priority: 0xFFFF7FFC, Stack Size: 114688, Semaphore: Yes, Sleep Time: 0, Looping: Yes.
[LOG] AsyncThread::add                         : add sound to async queue : soundi = 000001FB6779F0A8, queue head = 000001FB6779E578, queue count = 0
[LOG] AsyncThread::threadFunc                  : Starting Asynchronous operation on sound 000001FB6779F0A8
[LOG] SystemI::createSoundInternal             :     Create name='FMODAssets/Desktop/Master.bank', mode=0x02010082
[LOG] SystemI::createSound                     :     filename = FMODAssets/Desktop/Master.bank : mode 02010082
[LOG] SystemI::createSoundInternal             :     exinfo->cbsize             = 224
[LOG] SystemI::createSound                     :     FMOD_NONBLOCKING specified.  Putting into queue to be opened asynchronously!
[LOG] SystemI::createSoundInternal             :     exinfo->length             = 17993312
[LOG] AsyncThread::add                         :     add sound to async queue : soundi = 000001FB6779F6E8, queue head = 000001FB6779E578, queue count = 0
[LOG] SystemI::createSoundInternal             :     exinfo->fileoffset         = 538880
[LOG] SystemI::createSoundInternal             :     exinfo->numsubsounds       = 1
[LOG] SystemI::createSound                     :     filename = FMODAssets/Desktop/Master.bank : mode 02010082
[LOG] SystemI::createSoundInternal             :     exinfo->inclusionlist      = 000001FD6BD6D238
[LOG] SystemI::createSound                     :     FMOD_NONBLOCKING specified.  Putting into queue to be opened asynchronously!
[LOG] SystemI::createSoundInternal             :     exinfo->inclusionlistnum   = 1
[LOG] AsyncThread::add                         :     add sound to async queue : soundi = 000001FB6779F878, queue head = 000001FB6779E578, queue count = 1
[LOG] SystemI::createSoundInternal             :     exinfo->suggestedsoundtype = 5
[LOG] SystemI::createSoundInternal             :     exinfo->initialseekpostype = 1
[LOG] SystemI::createSoundInternal             :     Stream 0/1: name='Investigation StartDrop 85', format=5, channels=2, frequency=48000, lengthbytes=229728, lengthpcm=1246973, pcmblocksize=0, loopstart=0, loopend=0, mode=0x00000000, channelmask=0x00000000, channelorder=0, peakvolume=0.250787.
[LOG] Thread::initThread                       :     Init FMOD file thread. Affinity: 0x4000000000000003, Priority: 0xFFFF7FFC, Stack Size: 65536, Semaphore: No, Sleep Time: 10, Looping: Yes.
[LOG] AsyncThread::threadFunc                  : Finished Asynchronous operation on sound 000001FB6779F0A8
[LOG] AsyncThread::threadFunc                  : Starting Asynchronous operation on sound 000001FB6779F6E8
[LOG] SystemI::createSoundInternal             :     Create name='FMODAssets/Desktop/Master.bank', mode=0x02010082
[LOG] SystemI::createSoundInternal             :     exinfo->cbsize             = 224
[LOG] SystemI::createSoundInternal             :     exinfo->length             = 17993312
[LOG] SystemI::createSoundInternal             :     exinfo->fileoffset         = 538880
[LOG] SystemI::createSoundInternal             :     exinfo->numsubsounds       = 1
[LOG] SystemI::createSoundInternal             :     exinfo->inclusionlist      = 000001FD6BD6D398
[LOG] SystemI::createSoundInternal             :     exinfo->inclusionlistnum   = 1
[LOG] SystemI::createSoundInternal             :     exinfo->suggestedsoundtype = 5
[LOG] SystemI::createSoundInternal             :     exinfo->initialseekpostype = 1
[LOG] SystemI::createSoundInternal             :     Stream 0/1: name='Investigation LoopA 85', format=5, channels=2, frequency=48000, lengthbytes=1693248, lengthpcm=6505412, pcmblocksize=0, loopstart=0, loopend=0, mode=0x00000000, channelmask=0x00000000, channelorder=0, peakvolume=0.662468.
[LOG] AsyncThread::threadFunc                  : Finished Asynchronous operation on sound 000001FB6779F6E8
[LOG] AsyncThread::threadFunc                  : Starting Asynchronous operation on sound 000001FB6779F878
[LOG] SystemI::createSoundInternal             :     Create name='FMODAssets/Desktop/Master.bank', mode=0x02010082
[LOG] SystemI::createSoundInternal             :     exinfo->cbsize             = 224
[LOG] SystemI::createSoundInternal             :     exinfo->length             = 17993312
[LOG] SystemI::createSoundInternal             :     exinfo->fileoffset         = 538880
[LOG] SystemI::createSoundInternal             :     exinfo->numsubsounds       = 1
[LOG] SystemI::createSoundInternal             :     exinfo->inclusionlist      = 000001FD6BD6D4F8
[LOG] SystemI::createSoundInternal             :     exinfo->inclusionlistnum   = 1
[LOG] SystemI::createSoundInternal             :     exinfo->suggestedsoundtype = 5
[LOG] SystemI::createSoundInternal             :     exinfo->initialseekpostype = 1
[LOG] SystemI::createSoundInternal             :     Stream 0/1: name='Investigation LoopB 85', format=5, channels=2, frequency=48000, lengthbytes=1797152, lengthpcm=6505412, pcmblocksize=0, loopstart=0, loopend=0, mode=0x00000000, channelmask=0x00000000, channelorder=0, peakvolume=0.755891.
[LOG] AsyncThread::threadFunc                  : Finished Asynchronous operation on sound 000001FB6779F878
[LOG] SystemI::createSoundInternal             : Create name='', mode=0x02000202
[LOG] SystemI::createSoundInternal             : exinfo->cbsize             = 224
[LOG] SystemI::createSoundInternal             : exinfo->length             = 17993312
[LOG] SystemI::createSoundInternal             : exinfo->fileoffset         = 538880
[LOG] SystemI::createSoundInternal             : exinfo->numsubsounds       = 1
[LOG] SystemI::createSoundInternal             : exinfo->inclusionlist      = 00000088AAE9EED8
[LOG] SystemI::createSoundInternal             : exinfo->inclusionlistnum   = 1
[LOG] SystemI::createSoundInternal             : exinfo->suggestedsoundtype = 5
[LOG] SystemI::createSoundInternal             : exinfo->useropen           = 00007FFAB4E9D3E0
[LOG] SystemI::createSoundInternal             : exinfo->userclose          = 00007FFAB4E9D3A0
[LOG] SystemI::createSoundInternal             : exinfo->userread           = 00007FFAB4E9D4C0
[LOG] SystemI::createSoundInternal             : exinfo->userseek           = 00007FFAB4E9D580
[LOG] SystemI::createSoundInternal             : exinfo->fileuserdata       = 000001FF5AEAE938
[LOG] SystemI::createSoundInternal             : exinfo->initialseekpostype = 1
[LOG] SystemI::DSPCodecPoolRegister            : register codec pool for pool type 4
[LOG] SystemI::createSoundInternal             : Sample 0/1: name='Pinboard_Lightflicker_01', format=5, channels=2, frequency=48000, lengthbytes=7072, lengthpcm=24327, pcmblocksize=0, loopstart=0, loopend=0, mode=0x00000000, channelmask=0x00000000, channelorder=0, peakvolume=0.848047.
[LOG] SystemI::createSoundInternal             : Create name='', mode=0x02000202
[LOG] SystemI::createSoundInternal             : exinfo->cbsize             = 224
[LOG] SystemI::createSoundInternal             : exinfo->length             = 17993312
[LOG] SystemI::createSoundInternal             : exinfo->fileoffset         = 538880
[LOG] SystemI::createSoundInternal             : exinfo->numsubsounds       = 1
[LOG] SystemI::createSoundInternal             : exinfo->inclusionlist      = 00000088AAE9EED8
[LOG] SystemI::createSoundInternal             : exinfo->inclusionlistnum   = 1
[LOG] SystemI::createSoundInternal             : exinfo->suggestedsoundtype = 5
[LOG] SystemI::createSoundInternal             : exinfo->useropen           = 00007FFAB4E9D3E0
[LOG] SystemI::createSoundInternal             : exinfo->userclose          = 00007FFAB4E9D3A0
[LOG] SystemI::createSoundInternal             : exinfo->userread           = 00007FFAB4E9D4C0
[LOG] SystemI::createSoundInternal             : exinfo->userseek           = 00007FFAB4E9D580
[LOG] SystemI::createSoundInternal             : exinfo->fileuserdata       = 000001FF5AEAE938
[LOG] SystemI::createSoundInternal             : exinfo->initialseekpostype = 1
[LOG] SystemI::DSPCodecPoolRegister            : register codec pool for pool type 4
[LOG] SystemI::createSoundInternal             : Sample 0/1: name='Pinboard_Lightflicker_04', format=5, channels=2, frequency=48000, lengthbytes=8512, lengthpcm=30414, pcmblocksize=0, loopstart=0, loopend=0, mode=0x00000000, channelmask=0x00000000, channelorder=0, peakvolume=0.766860.
[LOG] SystemI::createSoundInternal             : Create name='', mode=0x02000202
[LOG] SystemI::createSoundInternal             : exinfo->cbsize             = 224
[LOG] SystemI::createSoundInternal             : exinfo->length             = 17993312
[LOG] SystemI::createSoundInternal             : exinfo->fileoffset         = 538880
[LOG] SystemI::createSoundInternal             : exinfo->numsubsounds       = 1
[LOG] SystemI::createSoundInternal             : exinfo->inclusionlist      = 00000088AAE9EED8
[LOG] SystemI::createSoundInternal             : exinfo->inclusionlistnum   = 1
[LOG] SystemI::createSoundInternal             : exinfo->suggestedsoundtype = 5
[LOG] SystemI::createSoundInternal             : exinfo->useropen           = 00007FFAB4E9D3E0
[LOG] SystemI::createSoundInternal             : exinfo->userclose          = 00007FFAB4E9D3A0
[LOG] SystemI::createSoundInternal             : exinfo->userread           = 00007FFAB4E9D4C0
[LOG] SystemI::createSoundInternal             : exinfo->userseek           = 00007FFAB4E9D580
[LOG] SystemI::createSoundInternal             : exinfo->fileuserdata       = 000001FF5AEAE938
[LOG] SystemI::createSoundInternal             : exinfo->initialseekpostype = 1
[LOG] SystemI::DSPCodecPoolRegister            : register codec pool for pool type 4
[LOG] SystemI::createSoundInternal             : Sample 0/1: name='Pinboard_Enter_03', format=5, channels=2, frequency=48000, lengthbytes=18720, lengthpcm=79875, pcmblocksize=0, loopstart=0, loopend=0, mode=0x00000000, channelmask=0x00000000, channelorder=0, peakvolume=0.768661.
[LOG] SystemI::createSoundInternal             : Create name='', mode=0x02000202
[LOG] SystemI::createSoundInternal             : exinfo->cbsize             = 224
[LOG] SystemI::createSoundInternal             : exinfo->length             = 17993312
[LOG] SystemI::createSoundInternal             : exinfo->fileoffset         = 538880
[LOG] SystemI::createSoundInternal             : exinfo->numsubsounds       = 1
[LOG] SystemI::createSoundInternal             : exinfo->inclusionlist      = 00000088AAE9EED8
[LOG] SystemI::createSoundInternal             : exinfo->inclusionlistnum   = 1
[LOG] SystemI::createSoundInternal             : exinfo->suggestedsoundtype = 5
[LOG] SystemI::createSoundInternal             : exinfo->useropen           = 00007FFAB4E9D3E0
[LOG] SystemI::createSoundInternal             : exinfo->userclose          = 00007FFAB4E9D3A0
[LOG] SystemI::createSoundInternal             : exinfo->userread           = 00007FFAB4E9D4C0
[LOG] SystemI::createSoundInternal             : exinfo->userseek           = 00007FFAB4E9D580
[LOG] SystemI::createSoundInternal             : exinfo->fileuserdata       = 000001FF5AEAE938
[LOG] SystemI::createSoundInternal             : exinfo->initialseekpostype = 1
[LOG] SystemI::DSPCodecPoolRegister            : register codec pool for pool type 4
[LOG] SystemI::createSoundInternal             : Sample 0/1: name='Pinboard_Lightswitch_04', format=5, channels=2, frequency=48000, lengthbytes=4000, lengthpcm=17982, pcmblocksize=0, loopstart=0, loopend=0, mode=0x00000000, channelmask=0x00000000, channelorder=0, peakvolume=0.902406.
[LOG] SystemI::createSoundInternal             : Create name='', mode=0x02000202
[LOG] SystemI::createSoundInternal             : exinfo->cbsize             = 224
[LOG] SystemI::createSoundInternal             : exinfo->length             = 17993312
[LOG] SystemI::createSoundInternal             : exinfo->fileoffset         = 538880
[LOG] SystemI::createSoundInternal             : exinfo->numsubsounds       = 1
[LOG] SystemI::createSoundInternal             : exinfo->inclusionlist      = 00000088AAE9EED8
[LOG] SystemI::createSoundInternal             : exinfo->inclusionlistnum   = 1
[LOG] SystemI::createSoundInternal             : exinfo->suggestedsoundtype = 5
[LOG] SystemI::createSoundInternal             : exinfo->useropen           = 00007FFAB4E9D3E0
[LOG] SystemI::createSoundInternal             : exinfo->userclose          = 00007FFAB4E9D3A0
[LOG] SystemI::createSoundInternal             : exinfo->userread           = 00007FFAB4E9D4C0
[LOG] SystemI::createSoundInternal             : exinfo->userseek           = 00007FFAB4E9D580
[LOG] SystemI::createSoundInternal             : exinfo->fileuserdata       = 000001FF5AEAE938
[LOG] SystemI::createSoundInternal             : exinfo->initialseekpostype = 1
[LOG] SystemI::DSPCodecPoolRegister            : register codec pool for pool type 4
[LOG] SystemI::createSoundInternal             : Sample 0/1: name='Pinboard_Enter_01', format=5, channels=2, frequency=48000, lengthbytes=15936, lengthpcm=64014, pcmblocksize=0, loopstart=0, loopend=0, mode=0x00000000, channelmask=0x00000000, channelorder=0, peakvolume=0.657939.
[LOG] SystemI::createSoundInternal             : Create name='', mode=0x02000202
[LOG] SystemI::createSoundInternal             : exinfo->cbsize             = 224
[LOG] SystemI::createSoundInternal             : exinfo->length             = 17993312
[LOG] SystemI::createSoundInternal             : exinfo->fileoffset         = 538880
[LOG] SystemI::createSoundInternal             : exinfo->numsubsounds       = 1
[LOG] SystemI::createSoundInternal             : exinfo->inclusionlist      = 00000088AAE9EED8
[LOG] SystemI::createSoundInternal             : exinfo->inclusionlistnum   = 1
[LOG] SystemI::createSoundInternal             : exinfo->suggestedsoundtype = 5
[LOG] SystemI::createSoundInternal             : exinfo->useropen           = 00007FFAB4E9D3E0
[LOG] SystemI::createSoundInternal             : exinfo->userclose          = 00007FFAB4E9D3A0
[LOG] SystemI::createSoundInternal             : exinfo->userread           = 00007FFAB4E9D4C0
[LOG] SystemI::createSoundInternal             : exinfo->userseek           = 00007FFAB4E9D580
[LOG] SystemI::createSoundInternal             : exinfo->fileuserdata       = 000001FF5AEAE938
[LOG] SystemI::createSoundInternal             : exinfo->initialseekpostype = 1
[LOG] SystemI::DSPCodecPoolRegister            : register codec pool for pool type 4
[LOG] SystemI::createSoundInternal             : Sample 0/1: name='Pinboard_Lightswitch_01', format=5, channels=2, frequency=48000, lengthbytes=3840, lengthpcm=16244, pcmblocksize=0, loopstart=0, loopend=0, mode=0x00000000, channelmask=0x00000000, channelorder=0, peakvolume=0.490915.
[LOG] SystemI::createSoundInternal             : Create name='', mode=0x02000202
[LOG] SystemI::createSoundInternal             : exinfo->cbsize             = 224
[LOG] SystemI::createSoundInternal             : exinfo->length             = 17993312
[LOG] SystemI::createSoundInternal             : exinfo->fileoffset         = 538880
[LOG] SystemI::createSoundInternal             : exinfo->numsubsounds       = 1
[LOG] SystemI::createSoundInternal             : exinfo->inclusionlist      = 00000088AAE9EED8
[LOG] SystemI::createSoundInternal             : exinfo->inclusionlistnum   = 1
[LOG] SystemI::createSoundInternal             : exinfo->suggestedsoundtype = 5
[LOG] SystemI::createSoundInternal             : exinfo->useropen           = 00007FFAB4E9D3E0
[LOG] SystemI::createSoundInternal             : exinfo->userclose          = 00007FFAB4E9D3A0
[LOG] SystemI::createSoundInternal             : exinfo->userread           = 00007FFAB4E9D4C0
[LOG] SystemI::createSoundInternal             : exinfo->userseek           = 00007FFAB4E9D580
[LOG] SystemI::createSoundInternal             : exinfo->fileuserdata       = 000001FF5AEAE938
[LOG] SystemI::createSoundInternal             : exinfo->initialseekpostype = 1
[LOG] SystemI::DSPCodecPoolRegister            : register codec pool for pool type 4
[LOG] SystemI::createSoundInternal             : Sample 0/1: name='Pinboard_Lightswitch_03', format=5, channels=2, frequency=48000, lengthbytes=3264, lengthpcm=15228, pcmblocksize=0, loopstart=0, loopend=0, mode=0x00000000, channelmask=0x00000000, channelorder=0, peakvolume=0.588730.
[LOG] SystemI::createSoundInternal             : Create name='', mode=0x02000202
[LOG] SystemI::createSoundInternal             : exinfo->cbsize             = 224
[LOG] SystemI::createSoundInternal             : exinfo->length             = 17993312
[LOG] SystemI::createSoundInternal             : exinfo->fileoffset         = 538880
[LOG] SystemI::createSoundInternal             : exinfo->numsubsounds       = 1
[LOG] SystemI::createSoundInternal             : exinfo->inclusionlist      = 00000088AAE9EED8
[LOG] SystemI::createSoundInternal             : exinfo->inclusionlistnum   = 1
[LOG] SystemI::createSoundInternal             : exinfo->suggestedsoundtype = 5
[LOG] SystemI::createSoundInternal             : exinfo->useropen           = 00007FFAB4E9D3E0
[LOG] SystemI::createSoundInternal             : exinfo->userclose          = 00007FFAB4E9D3A0
[LOG] SystemI::createSoundInternal             : exinfo->userread           = 00007FFAB4E9D4C0
[LOG] SystemI::createSoundInternal             : exinfo->userseek           = 00007FFAB4E9D580
[LOG] SystemI::createSoundInternal             : exinfo->fileuserdata       = 000001FF5AEAE938
[LOG] SystemI::createSoundInternal             : exinfo->initialseekpostype = 1
[LOG] SystemI::DSPCodecPoolRegister            : register codec pool for pool type 4
[LOG] SystemI::createSoundInternal             : Sample 0/1: name='Pinboard_Enter_04', format=5, channels=2, frequency=48000, lengthbytes=19168, lengthpcm=84101, pcmblocksize=0, loopstart=0, loopend=0, mode=0x00000000, channelmask=0x00000000, channelorder=0, peakvolume=0.613380.
[LOG] SystemI::createSoundInternal             : Create name='', mode=0x02000202
[LOG] SystemI::createSoundInternal             : exinfo->cbsize             = 224
[LOG] SystemI::createSoundInternal             : exinfo->length             = 17993312
[LOG] SystemI::createSoundInternal             : exinfo->fileoffset         = 538880
[LOG] SystemI::createSoundInternal             : exinfo->numsubsounds       = 1
[LOG] SystemI::createSoundInternal             : exinfo->inclusionlist      = 00000088AAE9EED8
[LOG] SystemI::createSoundInternal             : exinfo->inclusionlistnum   = 1
[LOG] SystemI::createSoundInternal             : exinfo->suggestedsoundtype = 5
[LOG] SystemI::createSoundInternal             : exinfo->useropen           = 00007FFAB4E9D3E0
[LOG] SystemI::createSoundInternal             : exinfo->userclose          = 00007FFAB4E9D3A0
[LOG] SystemI::createSoundInternal             : exinfo->userread           = 00007FFAB4E9D4C0
[LOG] SystemI::createSoundInternal             : exinfo->userseek           = 00007FFAB4E9D580
[LOG] SystemI::createSoundInternal             : exinfo->fileuserdata       = 000001FF5AEAE938
[LOG] SystemI::createSoundInternal             : exinfo->initialseekpostype = 1
[LOG] SystemI::DSPCodecPoolRegister            : register codec pool for pool type 4
[LOG] SystemI::createSoundInternal             : Sample 0/1: name='Pinboard_Enter_02', format=5, channels=2, frequency=48000, lengthbytes=19072, lengthpcm=80022, pcmblocksize=0, loopstart=0, loopend=0, mode=0x00000000, channelmask=0x00000000, channelorder=0, peakvolume=0.678345.
[LOG] SystemI::createSoundInternal             : Create name='', mode=0x02000202
[LOG] SystemI::createSoundInternal             : exinfo->cbsize             = 224
[LOG] SystemI::createSoundInternal             : exinfo->length             = 17993312
[LOG] SystemI::createSoundInternal             : exinfo->fileoffset         = 538880
[LOG] SystemI::createSoundInternal             : exinfo->numsubsounds       = 1
[LOG] SystemI::createSoundInternal             : exinfo->inclusionlist      = 00000088AAE9EED8
[LOG] SystemI::createSoundInternal             : exinfo->inclusionlistnum   = 1
[LOG] SystemI::createSoundInternal             : exinfo->suggestedsoundtype = 5
[LOG] SystemI::createSoundInternal             : exinfo->useropen           = 00007FFAB4E9D3E0
[LOG] SystemI::createSoundInternal             : exinfo->userclose          = 00007FFAB4E9D3A0
[LOG] SystemI::createSoundInternal             : exinfo->userread           = 00007FFAB4E9D4C0
[LOG] SystemI::createSoundInternal             : exinfo->userseek           = 00007FFAB4E9D580
[LOG] SystemI::createSoundInternal             : exinfo->fileuserdata       = 000001FF5AEAE938
[LOG] SystemI::createSoundInternal             : exinfo->initialseekpostype = 1
[LOG] SystemI::DSPCodecPoolRegister            : register codec pool for pool type 4
[LOG] SystemI::createSoundInternal             : Sample 0/1: name='Pinboard_Lightswitch_02', format=5, channels=2, frequency=48000, lengthbytes=3456, lengthpcm=15233, pcmblocksize=0, loopstart=0, loopend=0, mode=0x00000000, channelmask=0x00000000, channelorder=0, peakvolume=0.509842.
[LOG] SystemI::createSoundInternal             : Create name='', mode=0x02000202
[LOG] SystemI::createSoundInternal             : exinfo->cbsize             = 224
[LOG] SystemI::createSoundInternal             : exinfo->length             = 17993312
[LOG] SystemI::createSoundInternal             : exinfo->fileoffset         = 538880
[LOG] SystemI::createSoundInternal             : exinfo->numsubsounds       = 1
[LOG] SystemI::createSoundInternal             : exinfo->inclusionlist      = 00000088AAE9EED8
[LOG] SystemI::createSoundInternal             : exinfo->inclusionlistnum   = 1
[LOG] SystemI::createSoundInternal             : exinfo->suggestedsoundtype = 5
[LOG] SystemI::createSoundInternal             : exinfo->useropen           = 00007FFAB4E9D3E0
[LOG] SystemI::createSoundInternal             : exinfo->userclose          = 00007FFAB4E9D3A0
[LOG] SystemI::createSoundInternal             : exinfo->userread           = 00007FFAB4E9D4C0
[LOG] SystemI::createSoundInternal             : exinfo->userseek           = 00007FFAB4E9D580
[LOG] SystemI::createSoundInternal             : exinfo->fileuserdata       = 000001FF5AEAE938
[LOG] SystemI::createSoundInternal             : exinfo->initialseekpostype = 1
[LOG] SystemI::DSPCodecPoolRegister            : register codec pool for pool type 4
[LOG] SystemI::createSoundInternal             : Sample 0/1: name='Pinboard_Lightflicker_02', format=5, channels=2, frequency=48000, lengthbytes=9184, lengthpcm=31094, pcmblocksize=0, loopstart=0, loopend=0, mode=0x00000000, channelmask=0x00000000, channelorder=0, peakvolume=0.715653.
[LOG] SystemI::createSoundInternal             : Create name='', mode=0x02000202
[LOG] SystemI::createSoundInternal             : exinfo->cbsize             = 224
[LOG] SystemI::createSoundInternal             : exinfo->length             = 17993312
[LOG] SystemI::createSoundInternal             : exinfo->fileoffset         = 538880
[LOG] SystemI::createSoundInternal             : exinfo->numsubsounds       = 1
[LOG] SystemI::createSoundInternal             : exinfo->inclusionlist      = 00000088AAE9EED8
[LOG] SystemI::createSoundInternal             : exinfo->inclusionlistnum   = 1
[LOG] SystemI::createSoundInternal             : exinfo->suggestedsoundtype = 5
[LOG] SystemI::createSoundInternal             : exinfo->useropen           = 00007FFAB4E9D3E0
[LOG] SystemI::createSoundInternal             : exinfo->userclose          = 00007FFAB4E9D3A0
[LOG] SystemI::createSoundInternal             : exinfo->userread           = 00007FFAB4E9D4C0
[LOG] SystemI::createSoundInternal             : exinfo->userseek           = 00007FFAB4E9D580
[LOG] SystemI::createSoundInternal             : exinfo->fileuserdata       = 000001FF5AEAE938
[LOG] SystemI::createSoundInternal             : exinfo->initialseekpostype = 1
[LOG] SystemI::DSPCodecPoolRegister            : register codec pool for pool type 4
[LOG] SystemI::createSoundInternal             : Sample 0/1: name='Pinboard_Lightflicker_03', format=5, channels=2, frequency=48000, lengthbytes=8384, lengthpcm=26755, pcmblocksize=0, loopstart=0, loopend=0, mode=0x00000000, channelmask=0x00000000, channelorder=0, peakvolume=0.774894.
[LOG] SystemI::createSound                     : filename = FMODAssets/Desktop/Master.bank : mode 02010082
[LOG] SystemI::createSound                     : FMOD_NONBLOCKING specified.  Putting into queue to be opened asynchronously!
[LOG] AsyncThread::add                         : add sound to async queue : soundi = 000001FB6779FA08, queue head = 000001FB6779E578, queue count = 0
[LOG] SystemI::createSound                     : filename = FMODAssets/Desktop/Master.bank : mode 02010082
[LOG] AsyncThread::threadFunc                  : Starting Asynchronous operation on sound 000001FB6779FA08
[LOG] SystemI::createSound                     : FMOD_NONBLOCKING specified.  Putting into queue to be opened asynchronously!
[LOG] SystemI::createSoundInternal             :     Create name='FMODAssets/Desktop/Master.bank', mode=0x02010082
[LOG] AsyncThread::add                         :     add sound to async queue : soundi = 000001FB6779ED88, queue head = 000001FB6779E578, queue count = 0
[LOG] SystemI::createSoundInternal             :     exinfo->cbsize             = 224
[LOG] SystemI::createSoundInternal             :     exinfo->length             = 17993312
[LOG] SystemI::createSoundInternal             :     exinfo->fileoffset         = 538880
[LOG] SystemI::createSoundInternal             :     exinfo->numsubsounds       = 1
[LOG] SystemI::createSoundInternal             :     exinfo->inclusionlist      = 000001FD6BD6D658
[LOG] SystemI::createSoundInternal             :     exinfo->inclusionlistnum   = 1
[LOG] SystemI::createSoundInternal             :     exinfo->suggestedsoundtype = 5
[LOG] SystemI::createSoundInternal             :     exinfo->initialseekpostype = 1
[LOG] SystemI::createSoundInternal             :     Stream 0/1: name='Ambience, Room Tone, Hotel Room, Iceland SND107602 2', format=5, channels=2, frequency=48000, lengthbytes=484832, lengthpcm=1791036, pcmblocksize=0, loopstart=0, loopend=0, mode=0x00000000, channelmask=0x00000000, channelorder=0, peakvolume=0.045691.
[LOG] AsyncThread::threadFunc                  : Finished Asynchronous operation on sound 000001FB6779FA08
[LOG] AsyncThread::threadFunc                  : Starting Asynchronous operation on sound 000001FB6779ED88
[LOG] SystemI::createSoundInternal             :     Create name='FMODAssets/Desktop/Master.bank', mode=0x02010082
[LOG] SystemI::createSoundInternal             :     exinfo->cbsize             = 224
[LOG] SystemI::createSoundInternal             :     exinfo->length             = 17993312
[LOG] SystemI::createSoundInternal             :     exinfo->fileoffset         = 538880
[LOG] SystemI::createSoundInternal             :     exinfo->numsubsounds       = 1
[LOG] SystemI::createSoundInternal             :     exinfo->inclusionlist      = 000001FD6BD6D7B8
[LOG] SystemI::createSoundInternal             :     exinfo->inclusionlistnum   = 1
[LOG] SystemI::createSoundInternal             :     exinfo->suggestedsoundtype = 5
[LOG] SystemI::createSoundInternal             :     exinfo->initialseekpostype = 1
[LOG] SystemI::createSoundInternal             :     Stream 0/1: name='Electricity, Buzz & Hum, Fluorescent Light, Buzz & Switch, On, Off 01 SND1635', format=5, channels=1, frequency=48000, lengthbytes=160992, lengthpcm=915600, pcmblocksize=0, loopstart=0, loopend=0, mode=0x00000000, channelmask=0x00000000, channelorder=0, peakvolume=0.285728.
[LOG] AsyncThread::threadFunc                  : Finished Asynchronous operation on sound 000001FB6779ED88
[LOG] AsyncThread::threadFunc                  : Starting Asynchronous operation on sound 000001FE5112CC38
[LOG] AsyncThread::threadFunc                  : Finished Asynchronous operation on sound 000001FE5112CC38
[LOG] AsyncThread::threadFunc                  : Starting Asynchronous operation on sound 000001FE5112A848
[LOG] AsyncThread::threadFunc                  : Finished Asynchronous operation on sound 000001FE5112A848
[LOG] SystemI::createSoundInternal             : Create name='', mode=0x02000202
[LOG] SystemI::createSoundInternal             : exinfo->cbsize             = 224
[LOG] SystemI::createSoundInternal             : exinfo->length             = 17993312
[LOG] SystemI::createSoundInternal             : exinfo->fileoffset         = 538880
[LOG] SystemI::createSoundInternal             : exinfo->numsubsounds       = 1
[LOG] SystemI::createSoundInternal             : exinfo->inclusionlist      = 00000088AAE9EED8
[LOG] SystemI::createSoundInternal             : exinfo->inclusionlistnum   = 1
[LOG] SystemI::createSoundInternal             : exinfo->suggestedsoundtype = 5
[LOG] SystemI::createSoundInternal             : exinfo->useropen           = 00007FFAB4E9D3E0
[LOG] SystemI::createSoundInternal             : exinfo->userclose          = 00007FFAB4E9D3A0
[LOG] SystemI::createSoundInternal             : exinfo->userread           = 00007FFAB4E9D4C0
[LOG] SystemI::createSoundInternal             : exinfo->userseek           = 00007FFAB4E9D580
[LOG] SystemI::createSoundInternal             : exinfo->fileuserdata       = 000001FF133D3B68
[LOG] SystemI::createSoundInternal             : exinfo->initialseekpostype = 1
[LOG] SystemI::DSPCodecPoolRegister            : register codec pool for pool type 4
[LOG] SystemI::createSoundInternal             : Sample 0/1: name='Polaroidhover_06', format=5, channels=1, frequency=48000, lengthbytes=1856, lengthpcm=9343, pcmblocksize=0, loopstart=0, loopend=0, mode=0x00000000, channelmask=0x00000000, channelorder=0, peakvolume=0.382422.
[LOG] SystemI::createSoundInternal             : Create name='', mode=0x02000202
[LOG] SystemI::createSoundInternal             : exinfo->cbsize             = 224
[LOG] SystemI::createSoundInternal             : exinfo->length             = 17993312
[LOG] SystemI::createSoundInternal             : exinfo->fileoffset         = 538880
[LOG] SystemI::createSoundInternal             : exinfo->numsubsounds       = 1
[LOG] SystemI::createSoundInternal             : exinfo->inclusionlist      = 00000088AAE9EED8
[LOG] SystemI::createSoundInternal             : exinfo->inclusionlistnum   = 1
[LOG] SystemI::createSoundInternal             : exinfo->suggestedsoundtype = 5
[LOG] SystemI::createSoundInternal             : exinfo->useropen           = 00007FFAB4E9D3E0
[LOG] SystemI::createSoundInternal             : exinfo->userclose          = 00007FFAB4E9D3A0
[LOG] SystemI::createSoundInternal             : exinfo->userread           = 00007FFAB4E9D4C0
[LOG] SystemI::createSoundInternal             : exinfo->userseek           = 00007FFAB4E9D580
[LOG] SystemI::createSoundInternal             : exinfo->fileuserdata       = 000001FF133D3B68
[LOG] SystemI::createSoundInternal             : exinfo->initialseekpostype = 1
[LOG] SystemI::DSPCodecPoolRegister            : register codec pool for pool type 4
[LOG] SystemI::createSoundInternal             : Sample 0/1: name='Polaroidhover_08', format=5, channels=1, frequency=48000, lengthbytes=2880, lengthpcm=16800, pcmblocksize=0, loopstart=0, loopend=0, mode=0x00000000, channelmask=0x00000000, channelorder=0, peakvolume=0.281398.
[LOG] SystemI::createSoundInternal             : Create name='', mode=0x02000202
[LOG] SystemI::createSoundInternal             : exinfo->cbsize             = 224
[LOG] SystemI::createSoundInternal             : exinfo->length             = 17993312
[LOG] SystemI::createSoundInternal             : exinfo->fileoffset         = 538880
[LOG] SystemI::createSoundInternal             : exinfo->numsubsounds       = 1
[LOG] SystemI::createSoundInternal             : exinfo->inclusionlist      = 00000088AAE9EED8
[LOG] SystemI::createSoundInternal             : exinfo->inclusionlistnum   = 1
[LOG] SystemI::createSoundInternal             : exinfo->suggestedsoundtype = 5
[LOG] SystemI::createSoundInternal             : exinfo->useropen           = 00007FFAB4E9D3E0
[LOG] SystemI::createSoundInternal             : exinfo->userclose          = 00007FFAB4E9D3A0
[LOG] SystemI::createSoundInternal             : exinfo->userread           = 00007FFAB4E9D4C0
[LOG] SystemI::createSoundInternal             : exinfo->userseek           = 00007FFAB4E9D580
[LOG] SystemI::createSoundInternal             : exinfo->fileuserdata       = 000001FF133D3B68
[LOG] SystemI::createSoundInternal             : exinfo->initialseekpostype = 1
[LOG] SystemI::DSPCodecPoolRegister            : register codec pool for pool type 4
[LOG] SystemI::createSoundInternal             : Sample 0/1: name='Polaroidhover_04', format=5, channels=1, frequency=48000, lengthbytes=2880, lengthpcm=16800, pcmblocksize=0, loopstart=0, loopend=0, mode=0x00000000, channelmask=0x00000000, channelorder=0, peakvolume=0.561483.
[LOG] SystemI::createSoundInternal             : Create name='', mode=0x02000202
[LOG] SystemI::createSoundInternal             : exinfo->cbsize             = 224
[LOG] SystemI::createSoundInternal             : exinfo->length             = 17993312
[LOG] SystemI::createSoundInternal             : exinfo->fileoffset         = 538880
[LOG] SystemI::createSoundInternal             : exinfo->numsubsounds       = 1
[LOG] SystemI::createSoundInternal             : exinfo->inclusionlist      = 00000088AAE9EED8
[LOG] SystemI::createSoundInternal             : exinfo->inclusionlistnum   = 1
[LOG] SystemI::createSoundInternal             : exinfo->suggestedsoundtype = 5
[LOG] SystemI::createSoundInternal             : exinfo->useropen           = 00007FFAB4E9D3E0
[LOG] SystemI::createSoundInternal             : exinfo->userclose          = 00007FFAB4E9D3A0
[LOG] SystemI::createSoundInternal             : exinfo->userread           = 00007FFAB4E9D4C0
[LOG] SystemI::createSoundInternal             : exinfo->userseek           = 00007FFAB4E9D580
[LOG] SystemI::createSoundInternal             : exinfo->fileuserdata       = 000001FF133D3B68
[LOG] SystemI::createSoundInternal             : exinfo->initialseekpostype = 1
[LOG] SystemI::DSPCodecPoolRegister            : register codec pool for pool type 4
[LOG] SystemI::createSoundInternal             : Sample 0/1: name='Polaroidhover_07', format=5, channels=1, frequency=48000, lengthbytes=1312, lengthpcm=6488, pcmblocksize=0, loopstart=0, loopend=0, mode=0x00000000, channelmask=0x00000000, channelorder=0, peakvolume=0.207480.
[LOG] SystemI::createSoundInternal             : Create name='', mode=0x02000202
[LOG] SystemI::createSoundInternal             : exinfo->cbsize             = 224
[LOG] SystemI::createSoundInternal             : exinfo->length             = 17993312
[LOG] SystemI::createSoundInternal             : exinfo->fileoffset         = 538880
[LOG] SystemI::createSoundInternal             : exinfo->numsubsounds       = 1
[LOG] SystemI::createSoundInternal             : exinfo->inclusionlist      = 00000088AAE9EED8
[LOG] SystemI::createSoundInternal             : exinfo->inclusionlistnum   = 1
[LOG] SystemI::createSoundInternal             : exinfo->suggestedsoundtype = 5
[LOG] SystemI::createSoundInternal             : exinfo->useropen           = 00007FFAB4E9D3E0
[LOG] SystemI::createSoundInternal             : exinfo->userclose          = 00007FFAB4E9D3A0
[LOG] SystemI::createSoundInternal             : exinfo->userread           = 00007FFAB4E9D4C0
[LOG] SystemI::createSoundInternal             : exinfo->userseek           = 00007FFAB4E9D580
[LOG] SystemI::createSoundInternal             : exinfo->fileuserdata       = 000001FF133D3B68
[LOG] SystemI::createSoundInternal             : exinfo->initialseekpostype = 1
[LOG] SystemI::DSPCodecPoolRegister            : register codec pool for pool type 4
[LOG] SystemI::createSoundInternal             : Sample 0/1: name='Polaroidhover_03', format=5, channels=1, frequency=48000, lengthbytes=2656, lengthpcm=15145, pcmblocksize=0, loopstart=0, loopend=0, mode=0x00000000, channelmask=0x00000000, channelorder=0, peakvolume=0.521775.
[LOG] SystemI::createSoundInternal             : Create name='', mode=0x02000202
[LOG] SystemI::createSoundInternal             : exinfo->cbsize             = 224
[LOG] SystemI::createSoundInternal             : exinfo->length             = 17993312
[LOG] SystemI::createSoundInternal             : exinfo->fileoffset         = 538880
[LOG] SystemI::createSoundInternal             : exinfo->numsubsounds       = 1
[LOG] SystemI::createSoundInternal             : exinfo->inclusionlist      = 00000088AAE9EED8
[LOG] SystemI::createSoundInternal             : exinfo->inclusionlistnum   = 1
[LOG] SystemI::createSoundInternal             : exinfo->suggestedsoundtype = 5
[LOG] SystemI::createSoundInternal             : exinfo->useropen           = 00007FFAB4E9D3E0
[LOG] SystemI::createSoundInternal             : exinfo->userclose          = 00007FFAB4E9D3A0
[LOG] SystemI::createSoundInternal             : exinfo->userread           = 00007FFAB4E9D4C0
[LOG] SystemI::createSoundInternal             : exinfo->userseek           = 00007FFAB4E9D580
[LOG] SystemI::createSoundInternal             : exinfo->fileuserdata       = 000001FF133D3B68
[LOG] SystemI::createSoundInternal             : exinfo->initialseekpostype = 1
[LOG] SystemI::DSPCodecPoolRegister            : register codec pool for pool type 4
[LOG] SystemI::createSoundInternal             : Sample 0/1: name='Polaroidhover_01', format=5, channels=1, frequency=48000, lengthbytes=2880, lengthpcm=16800, pcmblocksize=0, loopstart=0, loopend=0, mode=0x00000000, channelmask=0x00000000, channelorder=0, peakvolume=0.455482.
[LOG] SystemI::createSoundInternal             : Create name='', mode=0x02000202
[LOG] SystemI::createSoundInternal             : exinfo->cbsize             = 224
[LOG] SystemI::createSoundInternal             : exinfo->length             = 17993312
[LOG] SystemI::createSoundInternal             : exinfo->fileoffset         = 538880
[LOG] SystemI::createSoundInternal             : exinfo->numsubsounds       = 1
[LOG] SystemI::createSoundInternal             : exinfo->inclusionlist      = 00000088AAE9EED8
[LOG] SystemI::createSoundInternal             : exinfo->inclusionlistnum   = 1
[LOG] SystemI::createSoundInternal             : exinfo->suggestedsoundtype = 5
[LOG] SystemI::createSoundInternal             : exinfo->useropen           = 00007FFAB4E9D3E0
[LOG] SystemI::createSoundInternal             : exinfo->userclose          = 00007FFAB4E9D3A0
[LOG] SystemI::createSoundInternal             : exinfo->userread           = 00007FFAB4E9D4C0
[LOG] SystemI::createSoundInternal             : exinfo->userseek           = 00007FFAB4E9D580
[LOG] SystemI::createSoundInternal             : exinfo->fileuserdata       = 000001FF133D3B68
[LOG] SystemI::createSoundInternal             : exinfo->initialseekpostype = 1
[LOG] SystemI::DSPCodecPoolRegister            : register codec pool for pool type 4
[LOG] SystemI::createSoundInternal             : Sample 0/1: name='Polaroidhover_02', format=5, channels=1, frequency=48000, lengthbytes=2912, lengthpcm=16800, pcmblocksize=0, loopstart=0, loopend=0, mode=0x00000000, channelmask=0x00000000, channelorder=0, peakvolume=0.365493.
[LOG] SystemI::createSound                     : filename = FMODAssets/Desktop/Master.bank : mode 02010082
[LOG] SystemI::createSound                     : FMOD_NONBLOCKING specified.  Putting into queue to be opened asynchronously!
[LOG] AsyncThread::add                         : add sound to async queue : soundi = 000001FB6779E108, queue head = 000001FB6779E578, queue count = 0
[LOG] SystemI::createSound                     : filename = FMODAssets/Desktop/Master.bank : mode 02010082
[LOG] AsyncThread::threadFunc                  : Starting Asynchronous operation on sound 000001FB6779E108
[LOG] SystemI::createSound                     : FMOD_NONBLOCKING specified.  Putting into queue to be opened asynchronously!
[LOG] SystemI::createSoundInternal             :     Create name='FMODAssets/Desktop/Master.bank', mode=0x02010082
[LOG] AsyncThread::add                         :     add sound to async queue : soundi = 000001FB6779EF18, queue head = 000001FB6779E578, queue count = 0
[LOG] SystemI::createSoundInternal             :     exinfo->cbsize             = 224
[LOG] SystemI::createSoundInternal             :     exinfo->length             = 17993312
[LOG] SystemI::createSoundInternal             :     exinfo->fileoffset         = 538880
[LOG] SystemI::createSoundInternal             :     exinfo->numsubsounds       = 1
[LOG] SystemI::createSoundInternal             :     exinfo->inclusionlist      = 000001FEC8906F98
[LOG] SystemI::createSoundInternal             :     exinfo->inclusionlistnum   = 1
[LOG] SystemI::createSoundInternal             :     exinfo->suggestedsoundtype = 5
[LOG] SystemI::createSoundInternal             :     exinfo->initialseekposition = 1500
[LOG] SystemI::createSoundInternal             :     exinfo->initialseekpostype = 1
[LOG] SystemI::createSoundInternal             :     Stream 0/1: name='Ambience, Room Tone, Hotel Room, Iceland SND107602 2', format=5, channels=2, frequency=48000, lengthbytes=484832, lengthpcm=1791036, pcmblocksize=0, loopstart=0, loopend=0, mode=0x00000000, channelmask=0x00000000, channelorder=0, peakvolume=0.045691.
[LOG] AsyncThread::threadFunc                  : Finished Asynchronous operation on sound 000001FB6779E108
[LOG] AsyncThread::threadFunc                  : Starting Asynchronous operation on sound 000001FB6779EF18
[LOG] SystemI::createSoundInternal             :     Create name='FMODAssets/Desktop/Master.bank', mode=0x02010082
[LOG] SystemI::createSoundInternal             :     exinfo->cbsize             = 224
[LOG] SystemI::createSoundInternal             :     exinfo->length             = 17993312
[LOG] SystemI::createSoundInternal             :     exinfo->fileoffset         = 538880
[LOG] SystemI::createSoundInternal             :     exinfo->numsubsounds       = 1
[LOG] SystemI::createSoundInternal             :     exinfo->inclusionlist      = 000001FEC8906338
[LOG] SystemI::createSoundInternal             :     exinfo->inclusionlistnum   = 1
[LOG] SystemI::createSoundInternal             :     exinfo->suggestedsoundtype = 5
[LOG] SystemI::createSoundInternal             :     exinfo->initialseekposition = 1500
[LOG] SystemI::createSoundInternal             :     exinfo->initialseekpostype = 1
[LOG] SystemI::createSoundInternal             :     Stream 0/1: name='Electricity, Buzz & Hum, Fluorescent Light, Buzz & Switch, On, Off 01 SND1635', format=5, channels=1, frequency=48000, lengthbytes=160992, lengthpcm=915600, pcmblocksize=0, loopstart=0, loopend=0, mode=0x00000000, channelmask=0x00000000, channelorder=0, peakvolume=0.285728.
[LOG] AsyncThread::threadFunc                  : Finished Asynchronous operation on sound 000001FB6779EF18
[LOG] SoundI::release                          : Electricity, Buzz & Hum, Fluorescent Light, Buzz & Switch, On, Off 01 SND1635 (000001FB6779ED88)
[LOG] SoundI::release                          :     Electricity, Buzz & Hum, Fluorescent Light, Buzz & Switch, On, Off 01 SND1635 (000001FE820C1088)
[LOG] SoundI::release                          :     Electricity, Buzz & Hum, Fluorescent Light, Buzz & Switch, On, Off 01 SND1635 (000001FE5112CC38)
[LOG] SoundI::release                          : Ambience, Room Tone, Hotel Room, Iceland SND107602 2 (000001FB6779FA08)
[LOG] SoundI::release                          :     Ambience, Room Tone, Hotel Room, Iceland SND107602 2 (000001FE820C1E08)
[LOG] SoundI::release                          :     Ambience, Room Tone, Hotel Room, Iceland SND107602 2 (000001FE5112A848)
[LOG] SystemI::createSound                     : filename = FMODAssets/Desktop/Master.bank : mode 02010082
[LOG] SystemI::createSound                     : FMOD_NONBLOCKING specified.  Putting into queue to be opened asynchronously!
[LOG] AsyncThread::add                         : add sound to async queue : soundi = 000001FB6779F558, queue head = 000001FB6779E578, queue count = 0
[LOG] AsyncThread::threadFunc                  : Starting Asynchronous operation on sound 000001FB6779F558
[LOG] SystemI::createSoundInternal             :     Create name='FMODAssets/Desktop/Master.bank', mode=0x02010082
[LOG] SystemI::createSound                     :     filename = FMODAssets/Desktop/Master.bank : mode 02010082
[LOG] SystemI::createSoundInternal             :     exinfo->cbsize             = 224
[LOG] SystemI::createSound                     :     FMOD_NONBLOCKING specified.  Putting into queue to be opened asynchronously!
[LOG] SystemI::createSoundInternal             :     exinfo->length             = 17993312
[LOG] AsyncThread::add                         :     add sound to async queue : soundi = 000001FB6779ED88, queue head = 000001FB6779E578, queue count = 0
[LOG] SystemI::createSoundInternal             :     exinfo->fileoffset         = 538880
[LOG] SystemI::createSoundInternal             :     exinfo->numsubsounds       = 1
[LOG] SystemI::createSoundInternal             :     exinfo->inclusionlist      = 000001FEC89065F8
[LOG] SystemI::createSoundInternal             :     exinfo->inclusionlistnum   = 1
[LOG] SystemI::createSoundInternal             :     exinfo->suggestedsoundtype = 5
[LOG] SystemI::createSoundInternal             :     exinfo->initialseekposition = 1500
[LOG] SystemI::createSoundInternal             :     exinfo->initialseekpostype = 1
[LOG] SystemI::createSoundInternal             :     Stream 0/1: name='Ambience, Room Tone, Hotel Room, Iceland SND107602 2', format=5, channels=2, frequency=48000, lengthbytes=484832, lengthpcm=1791036, pcmblocksize=0, loopstart=0, loopend=0, mode=0x00000000, channelmask=0x00000000, channelorder=0, peakvolume=0.045691.
[LOG] AsyncThread::threadFunc                  : Finished Asynchronous operation on sound 000001FB6779F558
[LOG] AsyncThread::threadFunc                  : Starting Asynchronous operation on sound 000001FB6779ED88
[LOG] SystemI::createSoundInternal             :     Create name='FMODAssets/Desktop/Master.bank', mode=0x02010082
[LOG] SystemI::createSoundInternal             :     exinfo->cbsize             = 224
[LOG] SystemI::createSoundInternal             :     exinfo->length             = 17993312
[LOG] SystemI::createSoundInternal             :     exinfo->fileoffset         = 538880
[LOG] SystemI::createSoundInternal             :     exinfo->numsubsounds       = 1
[LOG] SystemI::createSoundInternal             :     exinfo->inclusionlist      = 000001FEC89061D8
[LOG] SystemI::createSoundInternal             :     exinfo->inclusionlistnum   = 1
[LOG] SystemI::createSoundInternal             :     exinfo->suggestedsoundtype = 5
[LOG] SystemI::createSoundInternal             :     exinfo->initialseekposition = 1500
[LOG] SystemI::createSoundInternal             :     exinfo->initialseekpostype = 1
[LOG] SystemI::createSoundInternal             :     Stream 0/1: name='Electricity, Buzz & Hum, Fluorescent Light, Buzz & Switch, On, Off 01 SND1635', format=5, channels=1, frequency=48000, lengthbytes=160992, lengthpcm=915600, pcmblocksize=0, loopstart=0, loopend=0, mode=0x00000000, channelmask=0x00000000, channelorder=0, peakvolume=0.285728.
[LOG] AsyncThread::threadFunc                  : Finished Asynchronous operation on sound 000001FB6779ED88
[LOG] SoundI::release                          : Electricity, Buzz & Hum, Fluorescent Light, Buzz & Switch, On, Off 01 SND1635 (000001FB6779EF18)
[LOG] SoundI::release                          :     Electricity, Buzz & Hum, Fluorescent Light, Buzz & Switch, On, Off 01 SND1635 (000001FE820C1C88)
[LOG] SoundI::release                          :     Electricity, Buzz & Hum, Fluorescent Light, Buzz & Switch, On, Off 01 SND1635 (000001FE5112B1A8)
[LOG] SoundI::release                          : Ambience, Room Tone, Hotel Room, Iceland SND107602 2 (000001FB6779E108)
[LOG] SoundI::release                          :     Ambience, Room Tone, Hotel Room, Iceland SND107602 2 (000001FE820C1208)
[LOG] SoundI::release                          :     Ambience, Room Tone, Hotel Room, Iceland SND107602 2 (000001FE51129A38)
[LOG] SystemI::createSound                     : filename = FMODAssets/Desktop/Master.bank : mode 02010082
[LOG] SystemI::createSound                     : FMOD_NONBLOCKING specified.  Putting into queue to be opened asynchronously!
[LOG] AsyncThread::add                         : add sound to async queue : soundi = 000001FB6779E748, queue head = 000001FB6779E578, queue count = 0
[LOG] SystemI::createSound                     : filename = FMODAssets/Desktop/Master.bank : mode 02010082
[LOG] AsyncThread::threadFunc                  : Starting Asynchronous operation on sound 000001FB6779E748
[LOG] SystemI::createSound                     : FMOD_NONBLOCKING specified.  Putting into queue to be opened asynchronously!
[LOG] AsyncThread::add                         :     add sound to async queue : soundi = 000001FB6779EF18, queue head = 000001FB6779E578, queue count = 0
[LOG] SystemI::createSoundInternal             :     Create name='FMODAssets/Desktop/Master.bank', mode=0x02010082
[LOG] SystemI::createSoundInternal             :     exinfo->cbsize             = 224
[LOG] SystemI::createSoundInternal             :     exinfo->length             = 17993312
[LOG] SystemI::createSoundInternal             :     exinfo->fileoffset         = 538880
[LOG] SystemI::createSoundInternal             :     exinfo->numsubsounds       = 1
[LOG] SystemI::createSoundInternal             :     exinfo->inclusionlist      = 000001FEC8906498
[LOG] SystemI::createSoundInternal             :     exinfo->inclusionlistnum   = 1
[LOG] SystemI::createSoundInternal             :     exinfo->suggestedsoundtype = 5
[LOG] SystemI::createSoundInternal             :     exinfo->initialseekposition = 1500
[LOG] SystemI::createSoundInternal             :     exinfo->initialseekpostype = 1
[LOG] SystemI::createSoundInternal             :     Stream 0/1: name='Ambience, Room Tone, Hotel Room, Iceland SND107602 2', format=5, channels=2, frequency=48000, lengthbytes=484832, lengthpcm=1791036, pcmblocksize=0, loopstart=0, loopend=0, mode=0x00000000, channelmask=0x00000000, channelorder=0, peakvolume=0.045691.
[LOG] AsyncThread::threadFunc                  : Finished Asynchronous operation on sound 000001FB6779E748
[LOG] AsyncThread::threadFunc                  : Starting Asynchronous operation on sound 000001FB6779EF18
[LOG] SystemI::createSoundInternal             :     Create name='FMODAssets/Desktop/Master.bank', mode=0x02010082
[LOG] SystemI::createSoundInternal             :     exinfo->cbsize             = 224
[LOG] SystemI::createSoundInternal             :     exinfo->length             = 17993312
[LOG] SystemI::createSoundInternal             :     exinfo->fileoffset         = 538880
[LOG] SystemI::createSoundInternal             :     exinfo->numsubsounds       = 1
[LOG] SystemI::createSoundInternal             :     exinfo->inclusionlist      = 000001FEC8906E38
[LOG] SystemI::createSoundInternal             :     exinfo->inclusionlistnum   = 1
[LOG] SystemI::createSoundInternal             :     exinfo->suggestedsoundtype = 5
[LOG] SystemI::createSoundInternal             :     exinfo->initialseekposition = 1500
[LOG] SystemI::createSoundInternal             :     exinfo->initialseekpostype = 1
[LOG] SystemI::createSoundInternal             :     Stream 0/1: name='Electricity, Buzz & Hum, Fluorescent Light, Buzz & Switch, On, Off 01 SND1635', format=5, channels=1, frequency=48000, lengthbytes=160992, lengthpcm=915600, pcmblocksize=0, loopstart=0, loopend=0, mode=0x00000000, channelmask=0x00000000, channelorder=0, peakvolume=0.285728.
[LOG] AsyncThread::threadFunc                  : Finished Asynchronous operation on sound 000001FB6779EF18
[LOG] SoundI::release                          : Electricity, Buzz & Hum, Fluorescent Light, Buzz & Switch, On, Off 01 SND1635 (000001FB6779ED88)
[LOG] SoundI::release                          :     Electricity, Buzz & Hum, Fluorescent Light, Buzz & Switch, On, Off 01 SND1635 (000001FB6002DBA8)
[LOG] SoundI::release                          :     Electricity, Buzz & Hum, Fluorescent Light, Buzz & Switch, On, Off 01 SND1635 (000001FF2C8B6998)
[LOG] SoundI::release                          : Ambience, Room Tone, Hotel Room, Iceland SND107602 2 (000001FB6779F558)
[LOG] SoundI::release                          :     Ambience, Room Tone, Hotel Room, Iceland SND107602 2 (000001FB6002DA28)
[LOG] SoundI::release                          :     Ambience, Room Tone, Hotel Room, Iceland SND107602 2 (000001FF2C8B5098)
[LOG] SoundI::release                          : Investigation LoopB 85 (000001FB6779F878)
[LOG] SoundI::release                          :     Investigation LoopB 85 (000001FE506AB578)
[LOG] SoundI::release                          :     Investigation LoopB 85 (000001FCB3089268)
[LOG] SoundI::release                          : Investigation LoopA 85 (000001FB6779F6E8)
[LOG] SoundI::release                          :     Investigation LoopA 85 (000001FE506AB3F8)
[LOG] SoundI::release                          :     Investigation LoopA 85 (000001FCB3087E18)
[LOG] SoundI::release                          : Investigation StartDrop 85 (000001FB6779F0A8)
[LOG] SoundI::release                          :     Investigation StartDrop 85 (000001FE506AB278)
[LOG] SoundI::release                          :     Investigation StartDrop 85 (000001FCB308D278)
[LOG] SoundI::release                          : Electricity, Buzz & Hum, Fluorescent Light, Buzz & Switch, On, Off 01 SND1635 (000001FB6779EF18)
[LOG] SoundI::release                          :     Electricity, Buzz & Hum, Fluorescent Light, Buzz & Switch, On, Off 01 SND1635 (000001FB6002D128)
[LOG] SoundI::release                          :     Electricity, Buzz & Hum, Fluorescent Light, Buzz & Switch, On, Off 01 SND1635 (000001FF2C8B6B28)
[LOG] SoundI::release                          : Ambience, Room Tone, Hotel Room, Iceland SND107602 2 (000001FB6779E748)
[LOG] SoundI::release                          :     Ambience, Room Tone, Hotel Room, Iceland SND107602 2 (000001FB6002DD28)
[LOG] SoundI::release                          :     Ambience, Room Tone, Hotel Room, Iceland SND107602 2 (000001FF2C8B6358)
[LOG] SoundI::release                          :  (000001FB67723848)
[LOG] SoundI::release                          :     Takepic_01 (000001FE506ABB78)
[LOG] SoundI::release                          :  (000001FB67724348)
[LOG] SoundI::release                          :     Takepic_02 (000001FE506AAF78)
[LOG] SoundI::release                          :  (000001FB67724088)
[LOG] SoundI::release                          :     Takepic_03 (000001FE506AB9F8)
[LOG] SoundI::release                          :  (000001FB67723B08)
[LOG] SoundI::release                          :     Takepic_04 (000001FE506AA4F8)
[LOG] SoundI::release                          :  (000001FB677239A8)
[LOG] SoundI::release                          :     Takepic_05 (000001FE506AA978)
[LOG] SoundI::release                          :  (000001FB67724CE8)
[LOG] SoundI::release                          :     Takepic_06 (000001FE506AADF8)
[LOG] SoundI::release                          :  (000001FB677253C8)
[LOG] SoundI::release                          :     Printpic_01 (000001FE506AAAF8)
[LOG] SoundI::release                          :  (000001FB677241E8)
[LOG] SoundI::release                          :     Printpic_02 (000001FE506AA7F8)
[LOG] SoundI::release                          :  (000001FB67723DC8)
[LOG] SoundI::release                          :     Printpic_03 (000001FE506AA678)
[LOG] SoundI::release                          :  (000001FB67725268)
[LOG] SoundI::release                          :     Printpic_04 (000001FE506AB878)
[LOG] SoundI::release                          :  (000001FB67724B88)
[LOG] SoundI::release                          :     Printpic_05 (000001FE506AA1F8)
[LOG] SoundI::release                          :  (000001FB67725528)
[LOG] SoundI::release                          :     Printpic_06 (000001FE506AA378)
[LOG] SoundI::release                          :  (000001FB6F15C688)
[LOG] SoundI::release                          :     Polaroidhover_01 (000001FF0E0D2548)
[LOG] SoundI::release                          :  (000001FB6F15C7E8)
[LOG] SoundI::release                          :     Polaroidhover_02 (000001FF0E0D26C8)
[LOG] SoundI::release                          :  (000001FB6F15C3C8)
[LOG] SoundI::release                          :     Polaroidhover_03 (000001FF0E0D23C8)
[LOG] SoundI::release                          :  (000001FD422A4278)
[LOG] SoundI::release                          :     Polaroidhover_04 (000001FF0E0D20C8)
[LOG] SoundI::release                          :  (000001FD422A3FB8)
[LOG] SoundI::release                          :     Polaroidhover_06 (000001FE78C74FE8)
[LOG] SoundI::release                          :  (000001FD422A43D8)
[LOG] SoundI::release                          :     Polaroidhover_07 (000001FF0E0D2B48)
[LOG] SoundI::release                          :  (000001FD422A4118)
[LOG] SoundI::release                          :     Polaroidhover_08 (000001FE78C75168)
[LOG] SoundI::release                          :  (000001FB67725108)
[LOG] SoundI::release                          :     Investigation Strings 85 (000001FE506A9EF8)
[LOG] SoundI::release                          :  (000001FD1FE69718)
[LOG] SoundI::release                          :     Pinboard_Enter_01 (000001FE78C755E8)
[LOG] SoundI::release                          :  (000001FD422A4538)
[LOG] SoundI::release                          :     Pinboard_Enter_02 (000001FE78C74E68)
[LOG] SoundI::release                          :  (000001FD1FE695B8)
[LOG] SoundI::release                          :     Pinboard_Enter_03 (000001FF536B8088)
[LOG] SoundI::release                          :  (000001FD422A47F8)
[LOG] SoundI::release                          :     Pinboard_Enter_04 (000001FE78C75768)
[LOG] SoundI::release                          :  (000001FD1FE69038)
[LOG] SoundI::release                          :     Pinboard_Lightflicker_01 (000001FF536B8208)
[LOG] SoundI::release                          :  (000001FD422A3E58)
[LOG] SoundI::release                          :     Pinboard_Lightflicker_02 (000001FE78C74B68)
[LOG] SoundI::release                          :  (000001FD422A4698)
[LOG] SoundI::release                          :     Pinboard_Lightflicker_03 (000001FE78C752E8)
[LOG] SoundI::release                          :  (000001FD1FE692F8)
[LOG] SoundI::release                          :     Pinboard_Lightflicker_04 (000001FF536B8508)
[LOG] SoundI::release                          :  (000001FD422A4958)
[LOG] SoundI::release                          :     Pinboard_Lightswitch_01 (000001FE78C74CE8)
[LOG] SoundI::release                          :  (000001FD422A3CF8)
[LOG] SoundI::release                          :     Pinboard_Lightswitch_02 (000001FE78C758E8)
[LOG] SoundI::release                          :  (000001FD422A4AB8)
[LOG] SoundI::release                          :     Pinboard_Lightswitch_03 (000001FE78C75468)
[LOG] SoundI::release                          :  (000001FD1FE69878)
[LOG] SoundI::release                          :     Pinboard_Lightswitch_04 (000001FF536B8388)
[LOG] Thread::callback                         : FMOD Studio update thread finished.
[LOG] Thread::callback                         : FMOD Studio bank load thread finished.
[LOG] Profile::disconnectAll                   : Profiler disconnecting all clients
[LOG] Thread::callback                         : FMOD Studio sample load thread finished.
[LOG] LiveUpdate::release                      : 
[LOG] LiveUpdate::reset                        : Reset connection (reason Disconnected)
[LOG] Thread::callback                         : FMOD stream thread finished.
[LOG] Thread::callback                         : FMOD mixer thread finished.
[LOG] Profile::disconnectAll                   : Profiler disconnecting all clients
[LOG] SystemI::closeInternal                   : Closed.
[LOG] Thread::callback                         : FMOD Studio bank load thread finished.
[LOG] Thread::callback                         : FMOD Studio sample load thread finished.
[LOG] LiveUpdate::release                      : 
[LOG] LiveUpdate::reset                        : Reset connection (reason Disconnected)
[LOG] Thread::callback                         : FMOD stream thread finished.
[LOG] Thread::callback                         : FMOD mixer thread finished.
[LOG] SystemI::closeInternal                   : Closed.
[LOG] Thread::callback                         : FMOD nonblocking thread (0) finished.
[LOG] Thread::callback                         : FMOD file thread finished.
